============================= test session starts ==============================
platform linux -- Python 3.11.10, pytest-7.4.4, pluggy-1.5.0
rootdir: /home/runner/workspace
plugins: profiling-1.8.1, cov-4.1.0
collected 0 items
WARNING: Failed to generate report: No data to report.



---------- coverage: platform linux, python 3.11.10-final-0 ----------

============================ no tests ran in 0.03s =============================
